// Jest Snapshot v1, https://goo.gl/fbAQLP

exports[`Bottle snapshot renders correnctly 1`] = `
<span>
  0
   %
</span>
`;
